repo 10/189
repo 20/189
repo 30/189
repo 40/189
repo 50/189
repo 60/189
repo 70/189
repo 80/189
repo 90/189
repo 100/189
repo 110/189
repo 120/189
repo 130/189
repo 140/189
repo 150/189
repo 160/189
repo 170/189
repo 180/189
cloudinary 10/547
cloudinary 20/547
cloudinary 30/547
cloudinary 40/547
cloudinary 50/547
cloudinary 60/547
cloudinary 70/547
cloudinary failed 75/547: https://res.cloudinary.com/dc4nsi3xs/image/upload/v1782728734/file_00000000ae6071fa982c6eec401328c6_uvgfjs.png\ — download https://res.cloudinary.com/dc4nsi3xs/image/upload/v1782728734/file_00000000ae6071fa982c6eec401328c6_uvgfjs.png\: 400 Bad Request
cloudinary 80/547
cloudinary 90/547
cloudinary 100/547
cloudinary 110/547
cloudinary 120/547
cloudinary 130/547
cloudinary 140/547
cloudinary 150/547
cloudinary 160/547
cloudinary failed 161/547: https://res.cloudinary.com/dcbs8xr1l/image/upload/q_auto/f_auto/v1778665450/grok_video_2026-05-13-15-13-43_c1npax.jpg — download https://res.cloudinary.com/dcbs8xr1l/image/upload/q_auto/f_auto/v1778665450/grok_video_2026-05-13-15-13-43_c1npax.jpg: 404 Not Found
cloudinary 170/547
cloudinary 180/547
cloudinary 190/547
cloudinary 200/547
cloudinary 210/547
cloudinary 220/547
cloudinary failed 222/547: https://res.cloudinary.com/dfc8lwj22/image/upload/q_auto/f_auto/v.../buddha.jpg — download https://res.cloudinary.com/dfc8lwj22/image/upload/q_auto/f_auto/v.../buddha.jpg: 404 Not Found
cloudinary failed 223/547: https://res.cloudinary.com/dfc8lwj22/image/upload/q_auto/f_auto/v.../egyptian-queen.jpg — download https://res.cloudinary.com/dfc8lwj22/image/upload/q_auto/f_auto/v.../egyptian-queen.jpg: 404 Not Found
cloudinary failed 224/547: https://res.cloudinary.com/dfc8lwj22/image/upload/q_auto/f_auto/v.../purple-suit.jpg — download https://res.cloudinary.com/dfc8lwj22/image/upload/q_auto/f_auto/v.../purple-suit.jpg: 404 Not Found
cloudinary failed 225/547: https://res.cloudinary.com/dfc8lwj22/image/upload/q_auto/f_auto/v.../roman-emperor.jpg — download https://res.cloudinary.com/dfc8lwj22/image/upload/q_auto/f_auto/v.../roman-emperor.jpg: 404 Not Found
cloudinary failed 226/547: https://res.cloudinary.com/dfc8lwj22/image/upload/q_auto/f_auto/v.../scientist.jpg — download https://res.cloudinary.com/dfc8lwj22/image/upload/q_auto/f_auto/v.../scientist.jpg: 404 Not Found
cloudinary failed 227/547: https://res.cloudinary.com/dfc8lwj22/image/upload/q_auto/f_auto/v.../tribal-warrior.jpg — download https://res.cloudinary.com/dfc8lwj22/image/upload/q_auto/f_auto/v.../tribal-warrior.jpg: 404 Not Found
cloudinary failed 228/547: https://res.cloudinary.com/dfc8lwj22/image/upload/q_auto/f_auto/v.../viking-thor.jpg — download https://res.cloudinary.com/dfc8lwj22/image/upload/q_auto/f_auto/v.../viking-thor.jpg: 404 Not Found
cloudinary failed 229/547: https://res.cloudinary.com/dfc8lwj22/image/upload/q_auto/f_auto/v.../white-suit.jpg — download https://res.cloudinary.com/dfc8lwj22/image/upload/q_auto/f_auto/v.../white-suit.jpg: 404 Not Found
cloudinary failed 230/547: https://res.cloudinary.com/dfc8lwj22/image/upload/q_auto/f_auto/v.../zeus-lightning.jpg — download https://res.cloudinary.com/dfc8lwj22/image/upload/q_auto/f_auto/v.../zeus-lightning.jpg: 404 Not Found
cloudinary 240/547
cloudinary 250/547
cloudinary failed 257/547: https://res.cloudinary.com/dfc8lwj22/image/upload/q_auto/f_auto/v1777965473/grok_image_1777891938824_cxuhwm.jpg);background-size:cover;background-position:center — download https://res.cloudinary.com/dfc8lwj22/image/upload/q_auto/f_auto/v1777965473/grok_image_1777891938824_cxuhwm.jpg);background-size:cover;background-position:center: 404 Not Found
cloudinary 260/547
cloudinary 270/547
cloudinary 280/547
cloudinary 290/547
cloudinary 300/547
cloudinary 310/547
cloudinary 320/547
cloudinary 330/547
cloudinary 340/547
cloudinary 350/547
cloudinary 360/547
cloudinary 370/547
cloudinary 380/547
cloudinary 390/547
cloudinary 400/547
cloudinary 410/547
cloudinary 420/547
cloudinary 430/547
cloudinary 440/547
cloudinary failed 443/547: https://res.cloudinary.com/eenvubod/image/upload/f_auto,q_auto/v1784436916/file_000000003a70820783900e4c58acea82_nlzav4.png — download https://res.cloudinary.com/eenvubod/image/upload/f_auto,q_auto/v1784436916/file_000000003a70820783900e4c58acea82_nlzav4.png: 404 Not Found
cloudinary 450/547
cloudinary 460/547
cloudinary failed 464/547: https://res.cloudinary.com/eenvubod/image/upload/v1784436916/file_000000003a70820783900e4c58acea82_nlzav4.png — download https://res.cloudinary.com/eenvubod/image/upload/v1784436916/file_000000003a70820783900e4c58acea82_nlzav4.png: 404 Not Found
cloudinary 470/547
cloudinary 480/547
cloudinary 490/547
cloudinary 500/547
cloudinary failed 510/547: https://res.cloudinary.com/eenvubod/video/upload/ — download https://res.cloudinary.com/eenvubod/video/upload/: 400 Bad Request
cloudinary 520/547
cloudinary 530/547
cloudinary 540/547
{
  "output": "artifacts/media-migration-manifest.json",
  "totals": {
    "repo": 189,
    "cloudinary": 547,
    "cloudinaryUploaded": 532,
    "cloudinaryFailed": 15,
    "uploadedBytes": 1200892735,
    "excludedBytes": 3874737
  },
  "skippedCloudinary": 2
}
